c:\users\icymo\source\repos\ff6debugmenu\ff6debugmenu\debug\ff6debugmenu.pch
c:\users\icymo\source\repos\ff6debugmenu\ff6debugmenu\debug\vc143.pdb
c:\users\icymo\source\repos\ff6debugmenu\ff6debugmenu\debug\vc143.idb
c:\users\icymo\source\repos\ff6debugmenu\ff6debugmenu\debug\pch.obj
c:\users\icymo\source\repos\ff6debugmenu\ff6debugmenu\debug\ff6debugmenu.obj
c:\users\icymo\source\repos\ff6debugmenu\ff6debugmenu\debug\dllmain.obj
c:\users\icymo\source\repos\ff6debugmenu\ff6debugmenu\debug\imgui_widgets.obj
c:\users\icymo\source\repos\ff6debugmenu\ff6debugmenu\debug\imgui_tables.obj
c:\users\icymo\source\repos\ff6debugmenu\ff6debugmenu\debug\imgui_draw.obj
c:\users\icymo\source\repos\ff6debugmenu\ff6debugmenu\debug\imgui.obj
c:\users\icymo\source\repos\ff6debugmenu\ff6debugmenu\debug\imgui_impl_win32.obj
c:\users\icymo\source\repos\ff6debugmenu\ff6debugmenu\debug\imgui_impl_dx9.obj
c:\users\icymo\source\repos\ff6debugmenu\ff6debugmenu\debug\trampoline.obj
c:\users\icymo\source\repos\ff6debugmenu\ff6debugmenu\debug\hook.obj
c:\users\icymo\source\repos\ff6debugmenu\ff6debugmenu\debug\hde64.obj
c:\users\icymo\source\repos\ff6debugmenu\ff6debugmenu\debug\hde32.obj
c:\users\icymo\source\repos\ff6debugmenu\ff6debugmenu\debug\buffer.obj
c:\users\icymo\source\repos\ff6debugmenu\debug\ff6debugmenu.dll
c:\users\icymo\source\repos\ff6debugmenu\ff6debugmenu\debug\ff6debugmenu.tlog\cl.command.1.tlog
c:\users\icymo\source\repos\ff6debugmenu\ff6debugmenu\debug\ff6debugmenu.tlog\cl.read.1.tlog
c:\users\icymo\source\repos\ff6debugmenu\ff6debugmenu\debug\ff6debugmenu.tlog\cl.write.1.tlog
c:\users\icymo\source\repos\ff6debugmenu\ff6debugmenu\debug\ff6debugmenu.tlog\link.command.1.tlog
c:\users\icymo\source\repos\ff6debugmenu\ff6debugmenu\debug\ff6debugmenu.tlog\link.read.1.tlog
c:\users\icymo\source\repos\ff6debugmenu\ff6debugmenu\debug\ff6debugmenu.tlog\link.write.1.tlog
